// Jest Snapshot v1, https://goo.gl/fbAQLP

exports[`renders correctly 1`] = `
<div
  className="Box-sc-6sssmg-0 inpIDs"
  style={
    Object {
      "textAlign": "center",
    }
  }
/>
`;
