// Jest Snapshot v1, https://goo.gl/fbAQLP

exports[`renders correctly 1`] = `
<div
  className="styled-sc-144wh3b-0 iUlbjp Box-sc-6sssmg-0 inpIDs"
  style={
    Object {
      "marginLeft": "10px",
      "textAlign": "left",
      "width": "96%",
    }
  }
  width="96%"
>
  <div
    className="Box-sc-6sssmg-0 inpIDs"
  >
    Name: 
    mockName
  </div>
  <div
    className="Box-sc-6sssmg-0 inpIDs"
  >
    Region: 
  </div>
</div>
`;
